// Jest Snapshot v1, https://goo.gl/fbAQLP

exports[`should render home 1`] = `
<Provider
  store={
    Object {
      "dispatch": [Function],
      "getState": [Function],
      "replaceReducer": [Function],
      "subscribe": [Function],
      Symbol(observable): [Function],
    }
  }
>
  <BrowserRouter>
    <Router
      history={
        Object {
          "action": "POP",
          "block": [Function],
          "createHref": [Function],
          "go": [Function],
          "goBack": [Function],
          "goForward": [Function],
          "length": 1,
          "listen": [Function],
          "location": Object {
            "hash": "",
            "pathname": "/",
            "search": "",
            "state": undefined,
          },
          "push": [Function],
          "replace": [Function],
        }
      }
    >
      <SearchBar>
        <div>
          <InputGroup
            size="lg"
          >
            <div
              className="input-group input-group-lg"
            >
              <FormControl
                onChange={[Function]}
                placeholder="Inject queries here..."
              >
                <input
                  className="form-control"
                  onChange={[Function]}
                  placeholder="Inject queries here..."
                />
              </FormControl>
            </div>
          </InputGroup>
          <div
            className="flex-container"
          />
        </div>
      </SearchBar>
    </Router>
  </BrowserRouter>
</Provider>
`;
